EN vga_sync NULL "/media/omar/Documentos/Archivos v/Cursos/ElbertV2/VGA_controlador/vga_sync.vhd" sub00/vhpl02 1603949311
AR rom_7 behavioral "/media/omar/Documentos/Archivos v/Cursos/ElbertV2/VGA_controlador/rom_7.vhd" sub00/vhpl29 1603949332
AR desplegador behavioral "/media/omar/Documentos/Archivos v/Cursos/ElbertV2/VGA_controlador/Desplegador.vhd" sub00/vhpl09 1603949354
AR rom_5 behavioral "/media/omar/Documentos/Archivos v/Cursos/ElbertV2/VGA_controlador/rom_5.vhd" sub00/vhpl25 1603949328
AR rom_16 behavioral "/media/omar/Documentos/Archivos v/Cursos/ElbertV2/VGA_controlador/rom_16.vhd" sub00/vhpl47 1603949350
EN generador_magen NULL "/media/omar/Documentos/Archivos v/Cursos/ElbertV2/VGA_controlador/Generador_magen.vhd" sub00/vhpl04 1603949313
AR vga_top behavioral "/media/omar/Documentos/Archivos v/Cursos/ElbertV2/VGA_controlador/vga_top.vhd" sub00/vhpl11 1603949356
AR rom_3 behavioral "/media/omar/Documentos/Archivos v/Cursos/ElbertV2/VGA_controlador/rom_3.vhd" sub00/vhpl21 1603949324
AR rom_14 behavioral "/media/omar/Documentos/Archivos v/Cursos/ElbertV2/VGA_controlador/rom_14.vhd" sub00/vhpl43 1603949346
AR generador_magen behavioral "/media/omar/Documentos/Archivos v/Cursos/ElbertV2/VGA_controlador/Generador_magen.vhd" sub00/vhpl05 1603949314
EN mux_rom NULL "/media/omar/Documentos/Archivos v/Cursos/ElbertV2/VGA_controlador/mux_rom.vhd" sub00/vhpl14 1603949351
AR rom_1 behavioral "/media/omar/Documentos/Archivos v/Cursos/ElbertV2/VGA_controlador/rom_1.vhd" sub00/vhpl19 1603949320
AR rom_12 behavioral "/media/omar/Documentos/Archivos v/Cursos/ElbertV2/VGA_controlador/rom_12.vhd" sub00/vhpl39 1603949342
EN desplegador NULL "/media/omar/Documentos/Archivos v/Cursos/ElbertV2/VGA_controlador/Desplegador.vhd" sub00/vhpl08 1603949353
AR rom_10 behavioral "/media/omar/Documentos/Archivos v/Cursos/ElbertV2/VGA_controlador/rom_10.vhd" sub00/vhpl35 1603949338
AR vga_sync behavioral "/media/omar/Documentos/Archivos v/Cursos/ElbertV2/VGA_controlador/vga_sync.vhd" sub00/vhpl03 1603949312
AR vga_clk_25 behavioral "/media/omar/Documentos/Archivos v/Cursos/ElbertV2/VGA_controlador/vga_clk_25.vhd" sub00/vhpl01 1603949310
EN selector_img NULL "/media/omar/Documentos/Archivos v/Cursos/ElbertV2/VGA_controlador/selector_img.vhd" sub00/vhpl12 1603949315
AR selector_img behavioral "/media/omar/Documentos/Archivos v/Cursos/ElbertV2/VGA_controlador/selector_img.vhd" sub00/vhpl13 1603949316
AR rom_8 behavioral "/media/omar/Documentos/Archivos v/Cursos/ElbertV2/VGA_controlador/rom_8.vhd" sub00/vhpl31 1603949334
AR rom_6 behavioral "/media/omar/Documentos/Archivos v/Cursos/ElbertV2/VGA_controlador/rom_6.vhd" sub00/vhpl27 1603949330
AR rom_4 behavioral "/media/omar/Documentos/Archivos v/Cursos/ElbertV2/VGA_controlador/rom_4.vhd" sub00/vhpl23 1603949326
AR rom_15 behavioral "/media/omar/Documentos/Archivos v/Cursos/ElbertV2/VGA_controlador/rom_15.vhd" sub00/vhpl45 1603949348
AR rom_2 behavioral "/media/omar/Documentos/Archivos v/Cursos/ElbertV2/VGA_controlador/rom_2.vhd" sub00/vhpl07 1603949322
EN vga_clk_25 NULL "/media/omar/Documentos/Archivos v/Cursos/ElbertV2/VGA_controlador/vga_clk_25.vhd" sub00/vhpl00 1603949309
AR rom_13 behavioral "/media/omar/Documentos/Archivos v/Cursos/ElbertV2/VGA_controlador/rom_13.vhd" sub00/vhpl41 1603949344
EN rom_10 NULL "/media/omar/Documentos/Archivos v/Cursos/ElbertV2/VGA_controlador/rom_10.vhd" sub00/vhpl34 1603949337
EN rom_11 NULL "/media/omar/Documentos/Archivos v/Cursos/ElbertV2/VGA_controlador/rom_11.vhd" sub00/vhpl36 1603949339
EN rom_12 NULL "/media/omar/Documentos/Archivos v/Cursos/ElbertV2/VGA_controlador/rom_12.vhd" sub00/vhpl38 1603949341
EN rom_13 NULL "/media/omar/Documentos/Archivos v/Cursos/ElbertV2/VGA_controlador/rom_13.vhd" sub00/vhpl40 1603949343
EN rom_14 NULL "/media/omar/Documentos/Archivos v/Cursos/ElbertV2/VGA_controlador/rom_14.vhd" sub00/vhpl42 1603949345
EN rom_15 NULL "/media/omar/Documentos/Archivos v/Cursos/ElbertV2/VGA_controlador/rom_15.vhd" sub00/vhpl44 1603949347
EN rom_16 NULL "/media/omar/Documentos/Archivos v/Cursos/ElbertV2/VGA_controlador/rom_16.vhd" sub00/vhpl46 1603949349
AR rom_0 behavioral "/media/omar/Documentos/Archivos v/Cursos/ElbertV2/VGA_controlador/rom_0.vhd" sub00/vhpl17 1603949318
AR rom_11 behavioral "/media/omar/Documentos/Archivos v/Cursos/ElbertV2/VGA_controlador/rom_11.vhd" sub00/vhpl37 1603949340
EN rom_0 NULL "/media/omar/Documentos/Archivos v/Cursos/ElbertV2/VGA_controlador/rom_0.vhd" sub00/vhpl16 1603949317
EN rom_1 NULL "/media/omar/Documentos/Archivos v/Cursos/ElbertV2/VGA_controlador/rom_1.vhd" sub00/vhpl18 1603949319
EN rom_2 NULL "/media/omar/Documentos/Archivos v/Cursos/ElbertV2/VGA_controlador/rom_2.vhd" sub00/vhpl06 1603949321
EN rom_3 NULL "/media/omar/Documentos/Archivos v/Cursos/ElbertV2/VGA_controlador/rom_3.vhd" sub00/vhpl20 1603949323
EN rom_4 NULL "/media/omar/Documentos/Archivos v/Cursos/ElbertV2/VGA_controlador/rom_4.vhd" sub00/vhpl22 1603949325
EN rom_5 NULL "/media/omar/Documentos/Archivos v/Cursos/ElbertV2/VGA_controlador/rom_5.vhd" sub00/vhpl24 1603949327
EN rom_6 NULL "/media/omar/Documentos/Archivos v/Cursos/ElbertV2/VGA_controlador/rom_6.vhd" sub00/vhpl26 1603949329
EN rom_7 NULL "/media/omar/Documentos/Archivos v/Cursos/ElbertV2/VGA_controlador/rom_7.vhd" sub00/vhpl28 1603949331
EN rom_8 NULL "/media/omar/Documentos/Archivos v/Cursos/ElbertV2/VGA_controlador/rom_8.vhd" sub00/vhpl30 1603949333
EN rom_9 NULL "/media/omar/Documentos/Archivos v/Cursos/ElbertV2/VGA_controlador/rom_9.vhd" sub00/vhpl32 1603949335
AR mux_rom behavioral "/media/omar/Documentos/Archivos v/Cursos/ElbertV2/VGA_controlador/mux_rom.vhd" sub00/vhpl15 1603949352
AR rom_9 behavioral "/media/omar/Documentos/Archivos v/Cursos/ElbertV2/VGA_controlador/rom_9.vhd" sub00/vhpl33 1603949336
EN vga_top NULL "/media/omar/Documentos/Archivos v/Cursos/ElbertV2/VGA_controlador/vga_top.vhd" sub00/vhpl10 1603949355
